{
  "preprocessor_args": {
    "csv_files": ["dataset/stock_exchange.csv", "dataset/all_company_news.csv"],
    "companies": ["CHEVRON CORPORATION"],
    "preprocessor_name": "stock_news_preprocessor",
    "past_horizon": {
      "stock_price": 200,
      "news_sentiment": 0
    },
    "start_date": "2017-06-01",
    "end_date": "2017-06-30"
  },
  "split_method": "daily",
  "prediction_window": 7,
  "model": {
    "name": "prophet_multifeature_model",
    "hyperparams": {
      "past_horizon": {
        "stock_price": 200,
        "news_sentiment": 0
      }
    }
  },
  "simulator": "S1",
  "simulator_args": {
    "initial_amount": 1000,
    "stock": ["CHEVRON CORPORATION"]
  }
}